Component: ARM Compiler 5.06 update 7 (build 960) Tool: armlink [4d3601]

==============================================================================

Section Cross References

    counter.o(.text) refers to oscfg.o(.constdata) for OsCfg_SYSTEM_TICK_IN_MS
    counter.o(.text) refers to counter.o(.data) for OsCnt_SystemCounter
    keiluvisoin_startup.o(RESET) refers to keiluvisoin_startup.o(STACK) for __initial_sp
    keiluvisoin_startup.o(RESET) refers to keiluvisoin_startup.o(.text) for Reset_Handler
    keiluvisoin_startup.o(RESET) refers to task.o(.text) for SVC_Dispatcher
    keiluvisoin_startup.o(RESET) refers to port.o(.text) for OsPort_PendSVHandler
    keiluvisoin_startup.o(RESET) refers to alarm.o(.text) for SystemTimerHandler
    keiluvisoin_startup.o(.text) refers to alarmmanagementcodingexercisestarter.o(.text) for SystemInit
    keiluvisoin_startup.o(.text) refers to entry.o(.ARM.Collect$$$$00000000) for __main
    oscfg.o(.data) refers to alarmmanagementcodingexercisestarter.o(.text) for OsTask_AppTask_PulseWidthUpdate
    oscfg.o(.data) refers to task.o(.text) for OsTask_IdleMechanism
    alarmmanagementcodingexercisestarter.o(.text) refers to task.o(.text) for StartOS
    alarmmanagementcodingexercisestarter.o(.text) refers to resource.o(.text) for GetResource
    alarmmanagementcodingexercisestarter.o(.text) refers to alarm.o(.text) for SetRelAlarm
    alarmmanagementcodingexercisestarter.o(.text) refers to alarmmanagementcodingexercisestarter.o(.data) for g_PwmValue
    alarm.o(.text) refers to counter.o(.text) for OsCnt_GetSystemCounter
    alarm.o(.text) refers to tcbprocessor.o(.text) for OsTcb_GetTaskStateProcessor
    alarm.o(.text) refers to errmgr.o(.text) for OsErrMgr_SetServiceID
    alarm.o(.text) refers to hook.o(.text) for ErrorHook
    alarm.o(.text) refers to port.o(.text) for OsPort_PushUpperContext
    alarm.o(.text) refers to oscfg.o(.data) for OsCfg_Alarms
    alarm.o(.text) refers to oscfg.o(.constdata) for OsCfg_USE_ERROR_HOOK
    resource.o(.text) refers to tcbprocessor.o(.text) for OsTcb_GetTaskIDProcessor
    resource.o(.text) refers to svccontext.o(.text) for SVCCnxt_ResMgrSetResID
    task.o(.text) refers to portable.o(.text) for OsPort_CoreInit
    task.o(.text) refers to tcbprocessor.o(.text) for OsTcb_TasksInit
    task.o(.text) refers to hook.o(.text) for StartupHook
    task.o(.text) refers to counter.o(.text) for SysTick_Init
    task.o(.text) refers to port.o(.text) for OsPort_JumpToApp
    task.o(.text) refers to svccontext.o(.text) for SVCCnxt_TskMgrSetTskID
    task.o(.text) refers to rcbprocessor.o(.text) for OsRes_GetResourceProcessor
    task.o(.text) refers to oscfg.o(.constdata) for OsCfg_USE_STARTUP_HOOK
    port.o(.text) refers to portable.o(.text) for OsPort_SetThreadMode
    port.o(.text) refers to tcbprocessor.o(.text) for OsTcb_GetCurrentTCBRef
    errmgr.o(.text) refers to errmgr.o(.data) for OsErrMgr_DetectedService
    rcbprocessor.o(.text) refers to tcbprocessor.o(.text) for OsTcb_GetTaskIDProcessor
    rcbprocessor.o(.text) refers to svccontext.o(.text) for SVCCnxt_ResMgrGetResID
    rcbprocessor.o(.text) refers to errmgr.o(.text) for OsErrMgr_SetServiceID
    rcbprocessor.o(.text) refers to hook.o(.text) for ErrorHook
    rcbprocessor.o(.text) refers to oscfg.o(.constdata) for OsCfg_MAX_NUM_OF_RESOURCES
    rcbprocessor.o(.text) refers to oscfg.o(.data) for RCB
    svccontext.o(.text) refers to oscfg.o(.data) for SVCCnxt_ErrCodes
    svccontext.o(.text) refers to svccontext.o(.data) for SVCCnxt_TskMgrCnxt
    tcbprocessor.o(.text) refers to svccontext.o(.text) for SVCCnxt_TskMgrGetTskID
    tcbprocessor.o(.text) refers to errmgr.o(.text) for OsErrMgr_SetServiceID
    tcbprocessor.o(.text) refers to hook.o(.text) for ErrorHook
    tcbprocessor.o(.text) refers to portable.o(.text) for OsPort_SetInitialStack
    tcbprocessor.o(.text) refers to oscfg.o(.data) for OsCfg_TCBs
    tcbprocessor.o(.text) refers to oscfg.o(.constdata) for OsCfg_USE_STACK_OVER_FLOW_HOOK
    tcbprocessor.o(.text) refers to oscfg.o(.bss) for OsCfg_Stack
    tcbprocessor.o(.text) refers to tcbprocessor.o(.data) for TcbProcessor_RunningTaskID
    tcbprocessor.o(.text) refers to task.o(.text) for OsTask_IdleMechanism
    tcbprocessor.o(.data) refers to oscfg.o(.data) for OsCfg_TCBs
    entry.o(.ARM.Collect$$$$00000000) refers (Special) to entry10a.o(.ARM.Collect$$$$0000000F) for __rt_final_cpp
    entry.o(.ARM.Collect$$$$00000000) refers (Special) to entry11a.o(.ARM.Collect$$$$00000011) for __rt_final_exit
    entry.o(.ARM.Collect$$$$00000000) refers (Special) to entry12b.o(.ARM.Collect$$$$0000000E) for __rt_lib_shutdown_fini
    entry.o(.ARM.Collect$$$$00000000) refers (Special) to entry7b.o(.ARM.Collect$$$$00000008) for _main_clock
    entry.o(.ARM.Collect$$$$00000000) refers (Special) to entry8b.o(.ARM.Collect$$$$0000000A) for _main_cpp_init
    entry.o(.ARM.Collect$$$$00000000) refers (Special) to entry9a.o(.ARM.Collect$$$$0000000B) for _main_init
    entry.o(.ARM.Collect$$$$00000000) refers (Special) to entry5.o(.ARM.Collect$$$$00000004) for _main_scatterload
    entry.o(.ARM.Collect$$$$00000000) refers (Special) to entry2.o(.ARM.Collect$$$$00000001) for _main_stk
    entry2.o(.ARM.Collect$$$$00000001) refers to entry2.o(.ARM.Collect$$$$00002712) for __lit__00000000
    entry2.o(.ARM.Collect$$$$00002712) refers to keiluvisoin_startup.o(STACK) for __initial_sp
    entry2.o(__vectab_stack_and_reset_area) refers to keiluvisoin_startup.o(STACK) for __initial_sp
    entry2.o(__vectab_stack_and_reset_area) refers to entry.o(.ARM.Collect$$$$00000000) for __main
    entry5.o(.ARM.Collect$$$$00000004) refers to init.o(.text) for __scatterload
    entry9a.o(.ARM.Collect$$$$0000000B) refers to alarmmanagementcodingexercisestarter.o(.text) for main
    entry9b.o(.ARM.Collect$$$$0000000C) refers to alarmmanagementcodingexercisestarter.o(.text) for main
    init.o(.text) refers to entry5.o(.ARM.Collect$$$$00000004) for __main_after_scatterload


==============================================================================

Removing Unused input sections from the image.

    Removing keiluvisoin_startup.o(HEAP), (0 bytes).

1 unused section(s) (total 0 bytes) removed from the image.

==============================================================================

Image Symbol Table

    Local Symbols

    Symbol Name                              Value     Ov Type        Size  Object(Section)

    RESET                                    0x00000000   Section      620  keiluvisoin_startup.o(RESET)
    ../clib/microlib/init/entry.s            0x00000000   Number         0  entry12a.o ABSOLUTE
    ../clib/microlib/init/entry.s            0x00000000   Number         0  entry7b.o ABSOLUTE
    ../clib/microlib/init/entry.s            0x00000000   Number         0  entry8a.o ABSOLUTE
    ../clib/microlib/init/entry.s            0x00000000   Number         0  entry8b.o ABSOLUTE
    ../clib/microlib/init/entry.s            0x00000000   Number         0  entry9a.o ABSOLUTE
    ../clib/microlib/init/entry.s            0x00000000   Number         0  entry12b.o ABSOLUTE
    ../clib/microlib/init/entry.s            0x00000000   Number         0  entry10a.o ABSOLUTE
    ../clib/microlib/init/entry.s            0x00000000   Number         0  entry.o ABSOLUTE
    ../clib/microlib/init/entry.s            0x00000000   Number         0  entry11b.o ABSOLUTE
    ../clib/microlib/init/entry.s            0x00000000   Number         0  entry2.o ABSOLUTE
    ../clib/microlib/init/entry.s            0x00000000   Number         0  entry5.o ABSOLUTE
    ../clib/microlib/init/entry.s            0x00000000   Number         0  entry11a.o ABSOLUTE
    ../clib/microlib/init/entry.s            0x00000000   Number         0  entry10b.o ABSOLUTE
    ../clib/microlib/init/entry.s            0x00000000   Number         0  entry7a.o ABSOLUTE
    ../clib/microlib/init/entry.s            0x00000000   Number         0  entry9b.o ABSOLUTE
    ..\..\OsekLib\counter.c                  0x00000000   Number         0  counter.o ABSOLUTE
    ..\..\OsekLib\hook.c                     0x00000000   Number         0  hook.o ABSOLUTE
    ..\..\OsekLib\startup\keilUvisoin_startup.s 0x00000000   Number         0  keiluvisoin_startup.o ABSOLUTE
    ..\..\oil\OsCfg.c                        0x00000000   Number         0  oscfg.o ABSOLUTE
    AlarmManagementCodingExerciseStarter.c   0x00000000   Number         0  alarmmanagementcodingexercisestarter.o ABSOLUTE
    dc.s                                     0x00000000   Number         0  dc.o ABSOLUTE
    handlers.s                               0x00000000   Number         0  handlers.o ABSOLUTE
    init.s                                   0x00000000   Number         0  init.o ABSOLUTE
    src\ErrMgr.c                             0x00000000   Number         0  errmgr.o ABSOLUTE
    src\RcbProcessor.c                       0x00000000   Number         0  rcbprocessor.o ABSOLUTE
    src\SVCContext.c                         0x00000000   Number         0  svccontext.o ABSOLUTE
    src\TcbProcessor.c                       0x00000000   Number         0  tcbprocessor.o ABSOLUTE
    src\alarm.c                              0x00000000   Number         0  alarm.o ABSOLUTE
    src\portable\Keil\port.s                 0x00000000   Number         0  port.o ABSOLUTE
    src\portable\Keil\portable.c             0x00000000   Number         0  portable.o ABSOLUTE
    src\resource.c                           0x00000000   Number         0  resource.o ABSOLUTE
    src\task.c                               0x00000000   Number         0  task.o ABSOLUTE
    .ARM.Collect$$$$00000000                 0x0000026c   Section        0  entry.o(.ARM.Collect$$$$00000000)
    .ARM.Collect$$$$00000001                 0x0000026c   Section        4  entry2.o(.ARM.Collect$$$$00000001)
    .ARM.Collect$$$$00000004                 0x00000270   Section        4  entry5.o(.ARM.Collect$$$$00000004)
    .ARM.Collect$$$$00000008                 0x00000274   Section        0  entry7b.o(.ARM.Collect$$$$00000008)
    .ARM.Collect$$$$0000000A                 0x00000274   Section        0  entry8b.o(.ARM.Collect$$$$0000000A)
    .ARM.Collect$$$$0000000B                 0x00000274   Section        8  entry9a.o(.ARM.Collect$$$$0000000B)
    .ARM.Collect$$$$0000000E                 0x0000027c   Section        4  entry12b.o(.ARM.Collect$$$$0000000E)
    .ARM.Collect$$$$0000000F                 0x00000280   Section        0  entry10a.o(.ARM.Collect$$$$0000000F)
    .ARM.Collect$$$$00000011                 0x00000280   Section        0  entry11a.o(.ARM.Collect$$$$00000011)
    .ARM.Collect$$$$00002712                 0x00000280   Section        4  entry2.o(.ARM.Collect$$$$00002712)
    __lit__00000000                          0x00000280   Data           4  entry2.o(.ARM.Collect$$$$00002712)
    .text                                    0x00000284   Section        0  hook.o(.text)
    .text                                    0x00000290   Section        0  counter.o(.text)
    .text                                    0x000002e4   Section      252  keiluvisoin_startup.o(.text)
    $v0                                      0x000002e4   Number         0  keiluvisoin_startup.o(.text)
    .text                                    0x000003e0   Section        0  alarmmanagementcodingexercisestarter.o(.text)
    .text                                    0x00000470   Section        0  alarm.o(.text)
    OsAlrm_AssignAlarmEntry                  0x0000050d   Thumb Code    38  alarm.o(.text)
    OsAlrm_ValidateStartValue                0x00000533   Thumb Code    44  alarm.o(.text)
    OsAlrm_ValidateCycle                     0x0000055f   Thumb Code    46  alarm.o(.text)
    OsAlrm_AlarmActionExecute                0x0000065f   Thumb Code   200  alarm.o(.text)
    OsAlrm_AlarmFireProcessor                0x00000727   Thumb Code    82  alarm.o(.text)
    SystemAlarmsProcessor                    0x00000779   Thumb Code    74  alarm.o(.text)
    OsAlrm_ValidateID                        0x000007ef   Thumb Code    16  alarm.o(.text)
    OsAlrm_GetFirePoint                      0x000007ff   Thumb Code    14  alarm.o(.text)
    OsAlrm_AlarmIsEnabled                    0x0000080d   Thumb Code    16  alarm.o(.text)
    OsAlrm_DisableAlarm                      0x0000081d   Thumb Code    16  alarm.o(.text)
    OsAlrm_GetAlrmTaskID                     0x0000082d   Thumb Code    16  alarm.o(.text)
    .text                                    0x00000850   Section        0  resource.o(.text)
    .text                                    0x00000894   Section        0  task.o(.text)
    .text                                    0x00000a00   Section       90  port.o(.text)
    .text                                    0x00000a5c   Section        0  errmgr.o(.text)
    .text                                    0x00000ab8   Section        0  rcbprocessor.o(.text)
    .text                                    0x00000bd4   Section        0  svccontext.o(.text)
    .text                                    0x00000c2c   Section        0  tcbprocessor.o(.text)
    OsTcb_SetInitialStack                    0x00000c2d   Thumb Code   252  tcbprocessor.o(.text)
    OsTcb_StackPointersInit                  0x00000d29   Thumb Code   110  tcbprocessor.o(.text)
    OsTcb_SetTaskState                       0x00000dc7   Thumb Code    20  tcbprocessor.o(.text)
    OsTcb_ResetTaskEvent                     0x00000df1   Thumb Code    26  tcbprocessor.o(.text)
    OsTcb_ResetTCB                           0x00000e87   Thumb Code    66  tcbprocessor.o(.text)
    OsTcb_CheckEventTrigger                  0x000010ed   Thumb Code    42  tcbprocessor.o(.text)
    OsTcb_SetTaskEvent                       0x00001117   Thumb Code    30  tcbprocessor.o(.text)
    OsTcb_StackCanarInit                     0x000014ed   Thumb Code   114  tcbprocessor.o(.text)
    OsTcb_IdleTaskInit                       0x0000155f   Thumb Code   144  tcbprocessor.o(.text)
    OsTcb_GetTaskPriority                    0x000015ef   Thumb Code    16  tcbprocessor.o(.text)
    OsTcb_TaskModelIsBasic                   0x000015ff   Thumb Code    24  tcbprocessor.o(.text)
    OsTcb_TaskIDValid                        0x00001617   Thumb Code    18  tcbprocessor.o(.text)
    OsTcb_SetCurrentTCBRef                   0x00001629   Thumb Code    16  tcbprocessor.o(.text)
    .text                                    0x00001668   Section        0  portable.o(.text)
    .text                                    0x00001700   Section       36  init.o(.text)
    i.__scatterload_copy                     0x00001724   Section       14  handlers.o(i.__scatterload_copy)
    i.__scatterload_null                     0x00001732   Section        2  handlers.o(i.__scatterload_null)
    i.__scatterload_zeroinit                 0x00001734   Section       14  handlers.o(i.__scatterload_zeroinit)
    .constdata                               0x00001744   Section       35  oscfg.o(.constdata)
    .data                                    0x20000000   Section        4  counter.o(.data)
    OsCnt_SystemCounter                      0x20000000   Data           4  counter.o(.data)
    .data                                    0x20000004   Section      174  oscfg.o(.data)
    .data                                    0x200000b2   Section        3  alarmmanagementcodingexercisestarter.o(.data)
    g_PwmSignal                              0x200000b2   Data           1  alarmmanagementcodingexercisestarter.o(.data)
    increment_flag                           0x200000b4   Data           1  alarmmanagementcodingexercisestarter.o(.data)
    .data                                    0x200000b8   Section       12  errmgr.o(.data)
    OsErrMgr_DetectedService                 0x200000b8   Data           1  errmgr.o(.data)
    OsErrMgr_DetectedTaskID                  0x200000b9   Data           1  errmgr.o(.data)
    OsErrMgr_DetectedEventID                 0x200000ba   Data           1  errmgr.o(.data)
    OSErrMgr_DetectedResID                   0x200000bb   Data           1  errmgr.o(.data)
    OsErrMgr_OverflowContext                 0x200000bc   Data           8  errmgr.o(.data)
    .data                                    0x200000c4   Section        3  svccontext.o(.data)
    SVCCnxt_TskMgrCnxt                       0x200000c4   Data           1  svccontext.o(.data)
    SVCCnxt_EventMgrCnxt                     0x200000c5   Data           2  svccontext.o(.data)
    .data                                    0x200000c8   Section        6  tcbprocessor.o(.data)
    TcbProcessor_RunningTaskID               0x200000cc   Data           1  tcbprocessor.o(.data)
    TaskHookIsSilent                         0x200000cd   Data           1  tcbprocessor.o(.data)
    .bss                                     0x200000d0   Section      464  oscfg.o(.bss)
    STACK                                    0x200002a0   Section      512  keiluvisoin_startup.o(STACK)

    Global Symbols

    Symbol Name                              Value     Ov Type        Size  Object(Section)

    BuildAttributes$$THM_ISAv4$E$P$D$K$B$S$7EM$VFPi3$EXTD16$VFPS$VFMA$PE$A:L22UL41UL21$X:L11$S22US41US21$IEEE1$IW$USESV6$~STKCKD$USESV7$~SHL$OSPACE$EBA8$MICROLIB$REQ8$PRES8$EABIv2 0x00000000   Number         0  anon$$obj.o ABSOLUTE
    __ARM_use_no_argv                        0x00000000   Number         0  alarmmanagementcodingexercisestarter.o ABSOLUTE
    __Vectors                                0x00000000   Data           4  keiluvisoin_startup.o(RESET)
    __arm_fini_                               - Undefined Weak Reference
    __cpp_initialize__aeabi_                  - Undefined Weak Reference
    __cxa_finalize                            - Undefined Weak Reference
    __decompress                              - Undefined Weak Reference
    _clock_init                               - Undefined Weak Reference
    _microlib_exit                            - Undefined Weak Reference
    __Vectors_End                            0x0000026c   Data           0  keiluvisoin_startup.o(RESET)
    __Vectors_Size                           0x0000026c   Number         0  keiluvisoin_startup.o ABSOLUTE
    __main                                   0x0000026d   Thumb Code     0  entry.o(.ARM.Collect$$$$00000000)
    _main_stk                                0x0000026d   Thumb Code     0  entry2.o(.ARM.Collect$$$$00000001)
    _main_scatterload                        0x00000271   Thumb Code     0  entry5.o(.ARM.Collect$$$$00000004)
    __main_after_scatterload                 0x00000275   Thumb Code     0  entry5.o(.ARM.Collect$$$$00000004)
    _main_clock                              0x00000275   Thumb Code     0  entry7b.o(.ARM.Collect$$$$00000008)
    _main_cpp_init                           0x00000275   Thumb Code     0  entry8b.o(.ARM.Collect$$$$0000000A)
    _main_init                               0x00000275   Thumb Code     0  entry9a.o(.ARM.Collect$$$$0000000B)
    __rt_lib_shutdown_fini                   0x0000027d   Thumb Code     0  entry12b.o(.ARM.Collect$$$$0000000E)
    __rt_final_cpp                           0x00000281   Thumb Code     0  entry10a.o(.ARM.Collect$$$$0000000F)
    __rt_final_exit                          0x00000281   Thumb Code     0  entry11a.o(.ARM.Collect$$$$00000011)
    ErrorHook                                0x00000285   Thumb Code     2  hook.o(.text)
    StartupHook                              0x00000287   Thumb Code     2  hook.o(.text)
    PreTaskHook                              0x00000289   Thumb Code     2  hook.o(.text)
    PostTaskHook                             0x0000028b   Thumb Code     2  hook.o(.text)
    StackOverFlowHook                        0x0000028d   Thumb Code     2  hook.o(.text)
    SysTick_Init                             0x00000291   Thumb Code    54  counter.o(.text)
    OsCnt_IncrSystemCounter                  0x000002c7   Thumb Code    12  counter.o(.text)
    OsCnt_GetSystemCounter                   0x000002d3   Thumb Code     6  counter.o(.text)
    Reset_Handler                            0x000002e5   Thumb Code     8  keiluvisoin_startup.o(.text)
    NMI_Handler                              0x000002ed   Thumb Code     2  keiluvisoin_startup.o(.text)
    HardFault_Handler                        0x000002ef   Thumb Code     2  keiluvisoin_startup.o(.text)
    MemManage_Handler                        0x000002f1   Thumb Code     2  keiluvisoin_startup.o(.text)
    BusFault_Handler                         0x000002f3   Thumb Code     2  keiluvisoin_startup.o(.text)
    UsageFault_Handler                       0x000002f5   Thumb Code     2  keiluvisoin_startup.o(.text)
    SVC_Handler                              0x000002f7   Thumb Code     2  keiluvisoin_startup.o(.text)
    DebugMon_Handler                         0x000002f9   Thumb Code     2  keiluvisoin_startup.o(.text)
    PendSV_Handler                           0x000002fb   Thumb Code     2  keiluvisoin_startup.o(.text)
    SysTick_Handler                          0x000002fd   Thumb Code     2  keiluvisoin_startup.o(.text)
    GPIOA_Handler                            0x000002ff   Thumb Code     2  keiluvisoin_startup.o(.text)
    GPIOB_Handler                            0x00000301   Thumb Code     2  keiluvisoin_startup.o(.text)
    GPIOC_Handler                            0x00000303   Thumb Code     2  keiluvisoin_startup.o(.text)
    GPIOD_Handler                            0x00000305   Thumb Code     2  keiluvisoin_startup.o(.text)
    GPIOE_Handler                            0x00000307   Thumb Code     2  keiluvisoin_startup.o(.text)
    UART0_Handler                            0x00000309   Thumb Code     2  keiluvisoin_startup.o(.text)
    UART1_Handler                            0x0000030b   Thumb Code     2  keiluvisoin_startup.o(.text)
    SSI0_Handler                             0x0000030d   Thumb Code     2  keiluvisoin_startup.o(.text)
    I2C0_Handler                             0x0000030f   Thumb Code     2  keiluvisoin_startup.o(.text)
    PMW0_FAULT_Handler                       0x00000311   Thumb Code     2  keiluvisoin_startup.o(.text)
    PWM0_0_Handler                           0x00000313   Thumb Code     2  keiluvisoin_startup.o(.text)
    PWM0_1_Handler                           0x00000315   Thumb Code     2  keiluvisoin_startup.o(.text)
    PWM0_2_Handler                           0x00000317   Thumb Code     2  keiluvisoin_startup.o(.text)
    QEI0_Handler                             0x00000319   Thumb Code     2  keiluvisoin_startup.o(.text)
    ADC0SS0_Handler                          0x0000031b   Thumb Code     2  keiluvisoin_startup.o(.text)
    ADC0SS1_Handler                          0x0000031d   Thumb Code     2  keiluvisoin_startup.o(.text)
    ADC0SS2_Handler                          0x0000031f   Thumb Code     2  keiluvisoin_startup.o(.text)
    ADC0SS3_Handler                          0x00000321   Thumb Code     2  keiluvisoin_startup.o(.text)
    WDT0_Handler                             0x00000323   Thumb Code     2  keiluvisoin_startup.o(.text)
    TIMER0A_Handler                          0x00000325   Thumb Code     2  keiluvisoin_startup.o(.text)
    TIMER0B_Handler                          0x00000327   Thumb Code     2  keiluvisoin_startup.o(.text)
    TIMER1A_Handler                          0x00000329   Thumb Code     2  keiluvisoin_startup.o(.text)
    TIMER1B_Handler                          0x0000032b   Thumb Code     2  keiluvisoin_startup.o(.text)
    TIMER2A_Handler                          0x0000032d   Thumb Code     2  keiluvisoin_startup.o(.text)
    TIMER2B_Handler                          0x0000032f   Thumb Code     2  keiluvisoin_startup.o(.text)
    COMP0_Handler                            0x00000331   Thumb Code     2  keiluvisoin_startup.o(.text)
    COMP1_Handler                            0x00000333   Thumb Code     2  keiluvisoin_startup.o(.text)
    COMP2_Handler                            0x00000335   Thumb Code     2  keiluvisoin_startup.o(.text)
    SYSCTL_Handler                           0x00000337   Thumb Code     2  keiluvisoin_startup.o(.text)
    FLASH_Handler                            0x00000339   Thumb Code     2  keiluvisoin_startup.o(.text)
    GPIOF_Handler                            0x0000033b   Thumb Code     2  keiluvisoin_startup.o(.text)
    GPIOG_Handler                            0x0000033d   Thumb Code     2  keiluvisoin_startup.o(.text)
    GPIOH_Handler                            0x0000033f   Thumb Code     2  keiluvisoin_startup.o(.text)
    UART2_Handler                            0x00000341   Thumb Code     2  keiluvisoin_startup.o(.text)
    SSI1_Handler                             0x00000343   Thumb Code     2  keiluvisoin_startup.o(.text)
    TIMER3A_Handler                          0x00000345   Thumb Code     2  keiluvisoin_startup.o(.text)
    TIMER3B_Handler                          0x00000347   Thumb Code     2  keiluvisoin_startup.o(.text)
    I2C1_Handler                             0x00000349   Thumb Code     2  keiluvisoin_startup.o(.text)
    QEI1_Handler                             0x0000034b   Thumb Code     2  keiluvisoin_startup.o(.text)
    CAN0_Handler                             0x0000034d   Thumb Code     2  keiluvisoin_startup.o(.text)
    CAN1_Handler                             0x0000034f   Thumb Code     2  keiluvisoin_startup.o(.text)
    CAN2_Handler                             0x00000351   Thumb Code     2  keiluvisoin_startup.o(.text)
    HIB_Handler                              0x00000353   Thumb Code     2  keiluvisoin_startup.o(.text)
    USB0_Handler                             0x00000355   Thumb Code     2  keiluvisoin_startup.o(.text)
    PWM0_3_Handler                           0x00000357   Thumb Code     2  keiluvisoin_startup.o(.text)
    UDMA_Handler                             0x00000359   Thumb Code     2  keiluvisoin_startup.o(.text)
    UDMAERR_Handler                          0x0000035b   Thumb Code     2  keiluvisoin_startup.o(.text)
    ADC1SS0_Handler                          0x0000035d   Thumb Code     2  keiluvisoin_startup.o(.text)
    ADC1SS1_Handler                          0x0000035f   Thumb Code     2  keiluvisoin_startup.o(.text)
    ADC1SS2_Handler                          0x00000361   Thumb Code     2  keiluvisoin_startup.o(.text)
    ADC1SS3_Handler                          0x00000363   Thumb Code     2  keiluvisoin_startup.o(.text)
    GPIOJ_Handler                            0x00000365   Thumb Code     2  keiluvisoin_startup.o(.text)
    GPIOK_Handler                            0x00000367   Thumb Code     2  keiluvisoin_startup.o(.text)
    GPIOL_Handler                            0x00000369   Thumb Code     2  keiluvisoin_startup.o(.text)
    SSI2_Handler                             0x0000036b   Thumb Code     2  keiluvisoin_startup.o(.text)
    SSI3_Handler                             0x0000036d   Thumb Code     2  keiluvisoin_startup.o(.text)
    UART3_Handler                            0x0000036f   Thumb Code     2  keiluvisoin_startup.o(.text)
    UART4_Handler                            0x00000371   Thumb Code     2  keiluvisoin_startup.o(.text)
    UART5_Handler                            0x00000373   Thumb Code     2  keiluvisoin_startup.o(.text)
    UART6_Handler                            0x00000375   Thumb Code     2  keiluvisoin_startup.o(.text)
    UART7_Handler                            0x00000377   Thumb Code     2  keiluvisoin_startup.o(.text)
    I2C2_Handler                             0x00000379   Thumb Code     2  keiluvisoin_startup.o(.text)
    I2C3_Handler                             0x0000037b   Thumb Code     2  keiluvisoin_startup.o(.text)
    TIMER4A_Handler                          0x0000037d   Thumb Code     2  keiluvisoin_startup.o(.text)
    TIMER4B_Handler                          0x0000037f   Thumb Code     2  keiluvisoin_startup.o(.text)
    TIMER5A_Handler                          0x00000381   Thumb Code     2  keiluvisoin_startup.o(.text)
    TIMER5B_Handler                          0x00000383   Thumb Code     2  keiluvisoin_startup.o(.text)
    WTIMER0A_Handler                         0x00000385   Thumb Code     2  keiluvisoin_startup.o(.text)
    WTIMER0B_Handler                         0x00000387   Thumb Code     2  keiluvisoin_startup.o(.text)
    WTIMER1A_Handler                         0x00000389   Thumb Code     2  keiluvisoin_startup.o(.text)
    WTIMER1B_Handler                         0x0000038b   Thumb Code     2  keiluvisoin_startup.o(.text)
    WTIMER2A_Handler                         0x0000038d   Thumb Code     2  keiluvisoin_startup.o(.text)
    WTIMER2B_Handler                         0x0000038f   Thumb Code     2  keiluvisoin_startup.o(.text)
    WTIMER3A_Handler                         0x00000391   Thumb Code     2  keiluvisoin_startup.o(.text)
    WTIMER3B_Handler                         0x00000393   Thumb Code     2  keiluvisoin_startup.o(.text)
    WTIMER4A_Handler                         0x00000395   Thumb Code     2  keiluvisoin_startup.o(.text)
    WTIMER4B_Handler                         0x00000397   Thumb Code     2  keiluvisoin_startup.o(.text)
    WTIMER5A_Handler                         0x00000399   Thumb Code     2  keiluvisoin_startup.o(.text)
    WTIMER5B_Handler                         0x0000039b   Thumb Code     2  keiluvisoin_startup.o(.text)
    FPU_Handler                              0x0000039d   Thumb Code     2  keiluvisoin_startup.o(.text)
    I2C4_Handler                             0x0000039f   Thumb Code     2  keiluvisoin_startup.o(.text)
    I2C5_Handler                             0x000003a1   Thumb Code     2  keiluvisoin_startup.o(.text)
    GPIOM_Handler                            0x000003a3   Thumb Code     2  keiluvisoin_startup.o(.text)
    GPION_Handler                            0x000003a5   Thumb Code     2  keiluvisoin_startup.o(.text)
    QEI2_Handler                             0x000003a7   Thumb Code     2  keiluvisoin_startup.o(.text)
    GPIOP0_Handler                           0x000003a9   Thumb Code     2  keiluvisoin_startup.o(.text)
    GPIOP1_Handler                           0x000003ab   Thumb Code     2  keiluvisoin_startup.o(.text)
    GPIOP2_Handler                           0x000003ad   Thumb Code     2  keiluvisoin_startup.o(.text)
    GPIOP3_Handler                           0x000003af   Thumb Code     2  keiluvisoin_startup.o(.text)
    GPIOP4_Handler                           0x000003b1   Thumb Code     2  keiluvisoin_startup.o(.text)
    GPIOP5_Handler                           0x000003b3   Thumb Code     2  keiluvisoin_startup.o(.text)
    GPIOP6_Handler                           0x000003b5   Thumb Code     2  keiluvisoin_startup.o(.text)
    GPIOP7_Handler                           0x000003b7   Thumb Code     2  keiluvisoin_startup.o(.text)
    GPIOQ0_Handler                           0x000003b9   Thumb Code     2  keiluvisoin_startup.o(.text)
    GPIOQ1_Handler                           0x000003bb   Thumb Code     2  keiluvisoin_startup.o(.text)
    GPIOQ2_Handler                           0x000003bd   Thumb Code     2  keiluvisoin_startup.o(.text)
    GPIOQ3_Handler                           0x000003bf   Thumb Code     2  keiluvisoin_startup.o(.text)
    GPIOQ4_Handler                           0x000003c1   Thumb Code     2  keiluvisoin_startup.o(.text)
    GPIOQ5_Handler                           0x000003c3   Thumb Code     2  keiluvisoin_startup.o(.text)
    GPIOQ6_Handler                           0x000003c5   Thumb Code     2  keiluvisoin_startup.o(.text)
    GPIOQ7_Handler                           0x000003c7   Thumb Code     2  keiluvisoin_startup.o(.text)
    GPIOR_Handler                            0x000003c9   Thumb Code     2  keiluvisoin_startup.o(.text)
    GPIOS_Handler                            0x000003cb   Thumb Code     2  keiluvisoin_startup.o(.text)
    PMW1_0_Handler                           0x000003cd   Thumb Code     2  keiluvisoin_startup.o(.text)
    PWM1_1_Handler                           0x000003cf   Thumb Code     2  keiluvisoin_startup.o(.text)
    PWM1_2_Handler                           0x000003d1   Thumb Code     2  keiluvisoin_startup.o(.text)
    PWM1_3_Handler                           0x000003d3   Thumb Code     2  keiluvisoin_startup.o(.text)
    PWM1_FAULT_Handler                       0x000003d5   Thumb Code     2  keiluvisoin_startup.o(.text)
    SystemInit                               0x000003e1   Thumb Code     2  alarmmanagementcodingexercisestarter.o(.text)
    main                                     0x000003e3   Thumb Code     8  alarmmanagementcodingexercisestarter.o(.text)
    OsTask_AppTask_PulseWidthUpdate          0x000003eb   Thumb Code    76  alarmmanagementcodingexercisestarter.o(.text)
    OsTask_AppTask_PwmOn                     0x00000437   Thumb Code    38  alarmmanagementcodingexercisestarter.o(.text)
    PwmOFF_CB                                0x0000045d   Thumb Code     8  alarmmanagementcodingexercisestarter.o(.text)
    DeclareAlarm                             0x00000471   Thumb Code     2  alarm.o(.text)
    GetAlarmBase                             0x00000473   Thumb Code    74  alarm.o(.text)
    GetAlarm                                 0x000004bd   Thumb Code    80  alarm.o(.text)
    SetAbsAlarm                              0x0000058d   Thumb Code    76  alarm.o(.text)
    SetRelAlarm                              0x000005d9   Thumb Code    94  alarm.o(.text)
    CancelAlarm                              0x00000637   Thumb Code    40  alarm.o(.text)
    SystemTimerHandler                       0x000007c3   Thumb Code    44  alarm.o(.text)
    GetResource                              0x00000851   Thumb Code    34  resource.o(.text)
    ReleaseResource                          0x00000873   Thumb Code    34  resource.o(.text)
    StartOS                                  0x00000895   Thumb Code    48  task.o(.text)
    ActivateTask                             0x000008c5   Thumb Code    30  task.o(.text)
    TerminateTask                            0x000008e3   Thumb Code    22  task.o(.text)
    ChainTask                                0x000008f9   Thumb Code    30  task.o(.text)
    Schedule                                 0x00000917   Thumb Code    22  task.o(.text)
    GetTaskID                                0x0000092d   Thumb Code    16  task.o(.text)
    GetTaskState                             0x0000093d   Thumb Code    16  task.o(.text)
    SVC_Dispatcher                           0x0000094d   Thumb Code   160  task.o(.text)
    OsTask_IdleMechanism                     0x000009ed   Thumb Code     4  task.o(.text)
    OsPort_JumpToApp                         0x00000a01   Thumb Code     0  port.o(.text)
    OsPort_PendSVHandler                     0x00000a23   Thumb Code     0  port.o(.text)
    OsPort_PushUpperContext                  0x00000a35   Thumb Code     0  port.o(.text)
    OsPort_PopUpperContext                   0x00000a43   Thumb Code     0  port.o(.text)
    OsPort_ReturnWithAutopop                 0x00000a51   Thumb Code     0  port.o(.text)
    OsErrMgr_SetServiceID                    0x00000a5d   Thumb Code     6  errmgr.o(.text)
    OsErrMgr_GetServiceID                    0x00000a63   Thumb Code     6  errmgr.o(.text)
    OsErrMgr_StoreTaskID                     0x00000a69   Thumb Code     6  errmgr.o(.text)
    OsErrMgr_GetTaskID                       0x00000a6f   Thumb Code     6  errmgr.o(.text)
    OsErrMgr_StoreEventID                    0x00000a75   Thumb Code     6  errmgr.o(.text)
    OsErrMgr_GetEventID                      0x00000a7b   Thumb Code     6  errmgr.o(.text)
    OsErrMgr_StoreResID                      0x00000a81   Thumb Code     6  errmgr.o(.text)
    OsErrMgr_GetResID                        0x00000a87   Thumb Code     6  errmgr.o(.text)
    OsErrMgr_SetOverFlowContext              0x00000a8d   Thumb Code     8  errmgr.o(.text)
    OsErrMgr_GetOverFlowContext              0x00000a95   Thumb Code    14  errmgr.o(.text)
    OsRes_GetResourceProcessor               0x00000ab9   Thumb Code   136  rcbprocessor.o(.text)
    OsRcb_ReleaseResourceProcessor           0x00000b41   Thumb Code   128  rcbprocessor.o(.text)
    SVCCnxt_SetErrCode                       0x00000bd5   Thumb Code     6  svccontext.o(.text)
    SVCCnxt_GetErrCode                       0x00000bdb   Thumb Code     8  svccontext.o(.text)
    SVCCnxt_TskMgrSetTskID                   0x00000be3   Thumb Code     6  svccontext.o(.text)
    SVCCnxt_TskMgrGetTskID                   0x00000be9   Thumb Code     8  svccontext.o(.text)
    SVCCnxt_EventMgrSetTskID                 0x00000bf1   Thumb Code     6  svccontext.o(.text)
    SVCCnxt_EventMgrGetTskID                 0x00000bf7   Thumb Code     8  svccontext.o(.text)
    SVCCnxt_EventMgrSetEventMsk              0x00000bff   Thumb Code     6  svccontext.o(.text)
    SVCCnxt_EventMgrGetEventMsk              0x00000c05   Thumb Code     8  svccontext.o(.text)
    SVCCnxt_ResMgrSetResID                   0x00000c0d   Thumb Code     6  svccontext.o(.text)
    SVCCnxt_ResMgrGetResID                   0x00000c13   Thumb Code     8  svccontext.o(.text)
    OsTcb_TasksInit                          0x00000d97   Thumb Code    48  tcbprocessor.o(.text)
    OsTcb_GetTaskState                       0x00000ddb   Thumb Code    16  tcbprocessor.o(.text)
    OsTcb_GetTaskIDProcessor                 0x00000deb   Thumb Code     6  tcbprocessor.o(.text)
    OsTcb_ActivateTaskTCBProcesor            0x00000e0b   Thumb Code   124  tcbprocessor.o(.text)
    OsTcb_GetResOccupied                     0x00000ec9   Thumb Code    16  tcbprocessor.o(.text)
    OsTcb_ChainTaskTCBProcessor              0x00000ed9   Thumb Code   178  tcbprocessor.o(.text)
    OsTcb_SetScheduleReq                     0x00000f8b   Thumb Code    18  tcbprocessor.o(.text)
    OsTcb_TerminateTaskTCBProcessor          0x00000f9d   Thumb Code    82  tcbprocessor.o(.text)
    OsTcb_JumpToNextTCB                      0x00000fef   Thumb Code   254  tcbprocessor.o(.text)
    OsTcb_SetEventProcessor                  0x00001135   Thumb Code   152  tcbprocessor.o(.text)
    OsTcb_ClearEventProcessor                0x000011cd   Thumb Code   128  tcbprocessor.o(.text)
    OsTcb_GetEventProcessor                  0x0000124d   Thumb Code    92  tcbprocessor.o(.text)
    OsTcb_WaitEventProcessor                 0x000012a9   Thumb Code   154  tcbprocessor.o(.text)
    OsTcb_GetTaskStateProcessor              0x00001343   Thumb Code    60  tcbprocessor.o(.text)
    OsTcb_TaskAlrmExpiredProcessor           0x0000137f   Thumb Code    32  tcbprocessor.o(.text)
    OsTcb_EventAlrmExpiredProcessor          0x0000139f   Thumb Code    32  tcbprocessor.o(.text)
    OsTcb_SetTaskPri                         0x000013bf   Thumb Code    18  tcbprocessor.o(.text)
    OsTcb_GetTaskPriorityEx                  0x000013d1   Thumb Code    12  tcbprocessor.o(.text)
    OsTcb_SetResOccupied                     0x000013dd   Thumb Code    14  tcbprocessor.o(.text)
    OsTcb_GetCurrentTCBRef                   0x000013eb   Thumb Code     8  tcbprocessor.o(.text)
    OsTcb_GetTcbSP                           0x000013f3   Thumb Code    14  tcbprocessor.o(.text)
    OsTcb_UpdateTCBSP                        0x00001401   Thumb Code    36  tcbprocessor.o(.text)
    OsTcb_UpdatePSP                          0x00001425   Thumb Code    56  tcbprocessor.o(.text)
    OsTcb_SilenceHook                        0x0000145d   Thumb Code     8  tcbprocessor.o(.text)
    OsTcb_ScheduleProcessor                  0x00001465   Thumb Code    92  tcbprocessor.o(.text)
    OsTcb_ThreadStackOverFlow                0x000014c1   Thumb Code    44  tcbprocessor.o(.text)
    OsPort_SetInitialStack                   0x00001669   Thumb Code    90  portable.o(.text)
    OsPort_GetSVCNumber                      0x000016c3   Thumb Code    14  portable.o(.text)
    OsPort_GetPSP                            0x000016d1   Thumb Code     8  portable.o(.text)
    OsPort_SetPSP                            0x000016d9   Thumb Code     6  portable.o(.text)
    OsPort_SetThreadMode                     0x000016df   Thumb Code    14  portable.o(.text)
    OsPort_CoreInit                          0x000016ed   Thumb Code    14  portable.o(.text)
    __scatterload                            0x00001701   Thumb Code    28  init.o(.text)
    __scatterload_rt2                        0x00001701   Thumb Code     0  init.o(.text)
    __scatterload_copy                       0x00001725   Thumb Code    14  handlers.o(i.__scatterload_copy)
    __scatterload_null                       0x00001733   Thumb Code     2  handlers.o(i.__scatterload_null)
    __scatterload_zeroinit                   0x00001735   Thumb Code    14  handlers.o(i.__scatterload_zeroinit)
    OsCfg_MAX_NUM_OF_TASKS                   0x00001744   Data           1  oscfg.o(.constdata)
    OsCfg_MAX_NUM_OF_ALARMS                  0x00001745   Data           1  oscfg.o(.constdata)
    OsCfg_MAX_NUM_OF_RESOURCES               0x00001746   Data           1  oscfg.o(.constdata)
    OsCfg_ALL_STACK_SIZE                     0x00001748   Data           2  oscfg.o(.constdata)
    OsCfg_USE_ERROR_HOOK                     0x0000174a   Data           1  oscfg.o(.constdata)
    OsCfg_USE_PRETASK_HOOK                   0x0000174b   Data           1  oscfg.o(.constdata)
    OsCfg_USE_POSTTASK_HOOK                  0x0000174c   Data           1  oscfg.o(.constdata)
    OsCfg_USE_STARTUP_HOOK                   0x0000174d   Data           1  oscfg.o(.constdata)
    OsCfg_USE_STACK_OVER_FLOW_HOOK           0x0000174e   Data           1  oscfg.o(.constdata)
    OsCfg_USE_PARAMETER_ACCESS               0x0000174f   Data           1  oscfg.o(.constdata)
    OsCfg_USE_GET_SERVICE_ID                 0x00001750   Data           1  oscfg.o(.constdata)
    OsCfg_SYSTEM_TICK_IN_MS                  0x00001754   Data           4  oscfg.o(.constdata)
    OSTICKDURATION                           0x00001758   Data           4  oscfg.o(.constdata)
    OsCfg_StackSize                          0x0000175c   Data           8  oscfg.o(.constdata)
    OsCfg_ResourceTaskAuthorized             0x00001764   Data           2  oscfg.o(.constdata)
    OsCfg_ResourceCeilPri                    0x00001766   Data           1  oscfg.o(.constdata)
    Region$$Table$$Base                      0x00001768   Number         0  anon$$obj.o(Region$$Table)
    Region$$Table$$Limit                     0x00001788   Number         0  anon$$obj.o(Region$$Table)
    OsCfg_TCBs                               0x20000004   Data          84  oscfg.o(.data)
    MainCounter                              0x20000058   Data          12  oscfg.o(.data)
    OsCfg_Alarms                             0x20000064   Data          72  oscfg.o(.data)
    SVCCnxt_ErrCodes                         0x200000ac   Data           2  oscfg.o(.data)
    SVCCnxt_ResMgrCnxt                       0x200000ae   Data           2  oscfg.o(.data)
    RCB                                      0x200000b0   Data           2  oscfg.o(.data)
    g_PwmValue                               0x200000b3   Data           1  alarmmanagementcodingexercisestarter.o(.data)
    Current_TCB_Ref                          0x200000c8   Data           4  tcbprocessor.o(.data)
    OsCfg_Stack                              0x200000d0   Data         464  oscfg.o(.bss)
    __initial_sp                             0x200004a0   Data           0  keiluvisoin_startup.o(STACK)



==============================================================================

Memory Map of the image

  Image Entry point : 0x000002e5

  Load Region LR_1 (Base: 0x00000000, Size: 0x00001858, Max: 0xffffffff, ABSOLUTE)

    Execution Region ER_RO (Exec base: 0x00000000, Load base: 0x00000000, Size: 0x00001788, Max: 0xffffffff, ABSOLUTE)

    Exec Addr    Load Addr    Size         Type   Attr      Idx    E Section Name        Object

    0x00000000   0x00000000   0x0000026c   Data   RO           47    RESET               keiluvisoin_startup.o
    0x0000026c   0x0000026c   0x00000000   Code   RO          250  * .ARM.Collect$$$$00000000  mc_w.l(entry.o)
    0x0000026c   0x0000026c   0x00000004   Code   RO          253    .ARM.Collect$$$$00000001  mc_w.l(entry2.o)
    0x00000270   0x00000270   0x00000004   Code   RO          256    .ARM.Collect$$$$00000004  mc_w.l(entry5.o)
    0x00000274   0x00000274   0x00000000   Code   RO          258    .ARM.Collect$$$$00000008  mc_w.l(entry7b.o)
    0x00000274   0x00000274   0x00000000   Code   RO          260    .ARM.Collect$$$$0000000A  mc_w.l(entry8b.o)
    0x00000274   0x00000274   0x00000008   Code   RO          261    .ARM.Collect$$$$0000000B  mc_w.l(entry9a.o)
    0x0000027c   0x0000027c   0x00000004   Code   RO          268    .ARM.Collect$$$$0000000E  mc_w.l(entry12b.o)
    0x00000280   0x00000280   0x00000000   Code   RO          263    .ARM.Collect$$$$0000000F  mc_w.l(entry10a.o)
    0x00000280   0x00000280   0x00000000   Code   RO          265    .ARM.Collect$$$$00000011  mc_w.l(entry11a.o)
    0x00000280   0x00000280   0x00000004   Code   RO          254    .ARM.Collect$$$$00002712  mc_w.l(entry2.o)
    0x00000284   0x00000284   0x0000000a   Code   RO            1    .text               hook.o
    0x0000028e   0x0000028e   0x00000002   PAD
    0x00000290   0x00000290   0x00000054   Code   RO           24    .text               counter.o
    0x000002e4   0x000002e4   0x000000fc   Code   RO           48  * .text               keiluvisoin_startup.o
    0x000003e0   0x000003e0   0x00000090   Code   RO           67    .text               alarmmanagementcodingexercisestarter.o
    0x00000470   0x00000470   0x000003e0   Code   RO           88    .text               OsekLib.lib(alarm.o)
    0x00000850   0x00000850   0x00000044   Code   RO          132    .text               OsekLib.lib(resource.o)
    0x00000894   0x00000894   0x0000016c   Code   RO          153    .text               OsekLib.lib(task.o)
    0x00000a00   0x00000a00   0x0000005a   Code   RO          177    .text               OsekLib.lib(port.o)
    0x00000a5a   0x00000a5a   0x00000002   PAD
    0x00000a5c   0x00000a5c   0x0000005c   Code   RO          180    .text               OsekLib.lib(errmgr.o)
    0x00000ab8   0x00000ab8   0x0000011c   Code   RO          194    .text               OsekLib.lib(rcbprocessor.o)
    0x00000bd4   0x00000bd4   0x00000058   Code   RO          206    .text               OsekLib.lib(svccontext.o)
    0x00000c2c   0x00000c2c   0x00000a3c   Code   RO          220    .text               OsekLib.lib(tcbprocessor.o)
    0x00001668   0x00001668   0x00000098   Code   RO          235    .text               OsekLib.lib(portable.o)
    0x00001700   0x00001700   0x00000024   Code   RO          269    .text               mc_w.l(init.o)
    0x00001724   0x00001724   0x0000000e   Code   RO          273    i.__scatterload_copy  mc_w.l(handlers.o)
    0x00001732   0x00001732   0x00000002   Code   RO          274    i.__scatterload_null  mc_w.l(handlers.o)
    0x00001734   0x00001734   0x0000000e   Code   RO          275    i.__scatterload_zeroinit  mc_w.l(handlers.o)
    0x00001742   0x00001742   0x00000002   PAD
    0x00001744   0x00001744   0x00000023   Data   RO           54    .constdata          oscfg.o
    0x00001767   0x00001767   0x00000001   PAD
    0x00001768   0x00001768   0x00000020   Data   RO          271    Region$$Table       anon$$obj.o


    Execution Region ER_RW (Exec base: 0x20000000, Load base: 0x00001788, Size: 0x000000d0, Max: 0xffffffff, ABSOLUTE)

    Exec Addr    Load Addr    Size         Type   Attr      Idx    E Section Name        Object

    0x20000000   0x00001788   0x00000004   Data   RW           25    .data               counter.o
    0x20000004   0x0000178c   0x000000ae   Data   RW           55    .data               oscfg.o
    0x200000b2   0x0000183a   0x00000003   Data   RW           68    .data               alarmmanagementcodingexercisestarter.o
    0x200000b5   0x0000183d   0x00000003   PAD
    0x200000b8   0x00001840   0x0000000c   Data   RW          181    .data               OsekLib.lib(errmgr.o)
    0x200000c4   0x0000184c   0x00000003   Data   RW          207    .data               OsekLib.lib(svccontext.o)
    0x200000c7   0x0000184f   0x00000001   PAD
    0x200000c8   0x00001850   0x00000006   Data   RW          221    .data               OsekLib.lib(tcbprocessor.o)


    Execution Region ER_ZI (Exec base: 0x200000d0, Load base: 0x00001858, Size: 0x000003d0, Max: 0xffffffff, ABSOLUTE)

    Exec Addr    Load Addr    Size         Type   Attr      Idx    E Section Name        Object

    0x200000d0        -       0x000001d0   Zero   RW           53    .bss                oscfg.o
    0x200002a0        -       0x00000200   Zero   RW           45    STACK               keiluvisoin_startup.o


==============================================================================

Image component sizes


      Code (inc. data)   RO Data    RW Data    ZI Data      Debug   Object Name

       144         12          0          3          0       2050   alarmmanagementcodingexercisestarter.o
        84         12          0          4          0       1118   counter.o
        10          0          0          0          0       7919   hook.o
       252         10        620          0        512       5512   keiluvisoin_startup.o
         0          0         35        174        464       1993   oscfg.o

    ----------------------------------------------------------------------
       492         34        688        184        976      18592   Object Totals
         0          0         32          0          0          0   (incl. Generated)
         2          0          1          3          0          0   (incl. Padding)

    ----------------------------------------------------------------------

      Code (inc. data)   RO Data    RW Data    ZI Data      Debug   Library Member Name

       992         20          0          0          0      13148   alarm.o
        92         22          0         12          0       2466   errmgr.o
        90          0          0          0          0        256   port.o
       152          6          0          0          0       1706   portable.o
       284         20          0          0          0        864   rcbprocessor.o
        68          0          0          0          0       1038   resource.o
        88         18          0          3          0       2614   svccontext.o
       364         26          0          0          0       2647   task.o
      2620        112          0          6          0      10800   tcbprocessor.o
         0          0          0          0          0          0   entry.o
         0          0          0          0          0          0   entry10a.o
         0          0          0          0          0          0   entry11a.o
         4          0          0          0          0          0   entry12b.o
         8          4          0          0          0          0   entry2.o
         4          0          0          0          0          0   entry5.o
         0          0          0          0          0          0   entry7b.o
         0          0          0          0          0          0   entry8b.o
         8          4          0          0          0          0   entry9a.o
        30          0          0          0          0          0   handlers.o
        36          8          0          0          0         68   init.o

    ----------------------------------------------------------------------
      4844        240          0         24          0      35607   Library Totals
         4          0          0          3          0          0   (incl. Padding)

    ----------------------------------------------------------------------

      Code (inc. data)   RO Data    RW Data    ZI Data      Debug   Library Name

      4750        224          0         21          0      35539   OsekLib.lib
        90         16          0          0          0         68   mc_w.l

    ----------------------------------------------------------------------
      4844        240          0         24          0      35607   Library Totals

    ----------------------------------------------------------------------

==============================================================================


      Code (inc. data)   RO Data    RW Data    ZI Data      Debug   

      5336        274        688        208        976      53427   Grand Totals
      5336        274        688        208        976      53427   ELF Image Totals
      5336        274        688        208          0          0   ROM Totals

==============================================================================

    Total RO  Size (Code + RO Data)                 6024 (   5.88kB)
    Total RW  Size (RW Data + ZI Data)              1184 (   1.16kB)
    Total ROM Size (Code + RO Data + RW Data)       6232 (   6.09kB)

==============================================================================

